// Jest Snapshot v1, https://goo.gl/fbAQLP

exports[`render <GoHome /> without providing css  class name 1`] = `
<div>
  <a
    class="ui-go-home"
    href="/"
  >
    <span>
      <svg
        fill="none"
        height="1em"
        stroke="currentColor"
        stroke-width="0"
        viewBox="0 0 24 24"
        width="1em"
        xmlns="http://www.w3.org/2000/svg"
      >
        <path
          d="M10 19l-7-7m0 0l7-7m-7 7h18"
          stroke-linecap="round"
          stroke-linejoin="round"
          stroke-width="2"
        />
      </svg>
      <span>
        Go To Home
      </span>
    </span>
  </a>
</div>
`;
